[0m21:17:30.033267 [debug] [MainThread]: Sending event: {'category': 'dbt', 'action': 'invocation', 'label': 'start', 'context': [<snowplow_tracker.self_describing_json.SelfDescribingJson object at 0x0000022CD8DACC50>, <snowplow_tracker.self_describing_json.SelfDescribingJson object at 0x0000022CD8DADD90>, <snowplow_tracker.self_describing_json.SelfDescribingJson object at 0x0000022CD8DAFE90>]}


============================== 21:17:30.143235 | 34fb3a90-3f5f-42d2-8f14-f4b7e4d2c443 ==============================
[0m21:17:30.143235 [info ] [MainThread]: Running with dbt=1.11.10
[0m21:17:30.144247 [debug] [MainThread]: running dbt with arguments {'version_check': 'True', 'no_print': 'None', 'static_parser': 'True', 'target_path': 'None', 'warn_error_options': 'WarnErrorOptionsV2(error=[], warn=[], silence=[])', 'printer_width': '80', 'write_json': 'True', 'empty': 'None', 'log_cache_events': 'False', 'introspect': 'True', 'cache_selected_only': 'False', 'fail_fast': 'False', 'debug': 'False', 'log_format': 'default', 'profiles_dir': 'C:\\Users\\ASUS\\.dbt', 'send_anonymous_usage_stats': 'True', 'quiet': 'False', 'warn_error': 'None', 'partial_parse': 'True', 'invocation_command': 'dbt init dbt_caso3', 'indirect_selection': 'eager', 'use_colors': 'True', 'use_experimental_parser': 'False', 'log_path': 'logs'}
[0m21:17:30.515618 [info ] [MainThread]: A project called dbt_caso3 already exists here.
[0m21:17:30.517011 [debug] [MainThread]: Command `dbt init` succeeded at 21:17:30.516506 after 0.57 seconds
[0m21:17:30.517518 [debug] [MainThread]: Sending event: {'category': 'dbt', 'action': 'invocation', 'label': 'end', 'context': [<snowplow_tracker.self_describing_json.SelfDescribingJson object at 0x0000022CD8D47D90>, <snowplow_tracker.self_describing_json.SelfDescribingJson object at 0x0000022CD8D4C090>, <snowplow_tracker.self_describing_json.SelfDescribingJson object at 0x0000022CD8D4D550>]}
[0m21:17:30.517518 [debug] [MainThread]: Flushing usage events
[0m21:17:31.037663 [debug] [MainThread]: An error was encountered while trying to flush usage events
[0m21:17:51.715821 [debug] [MainThread]: Sending event: {'category': 'dbt', 'action': 'invocation', 'label': 'start', 'context': [<snowplow_tracker.self_describing_json.SelfDescribingJson object at 0x0000027C6C3E5010>, <snowplow_tracker.self_describing_json.SelfDescribingJson object at 0x0000027C6FABE390>, <snowplow_tracker.self_describing_json.SelfDescribingJson object at 0x0000027C6C3D16D0>]}


============================== 21:17:51.719753 | 32b31014-9052-449e-9d3f-0a25b83c783c ==============================
[0m21:17:51.719753 [info ] [MainThread]: Running with dbt=1.11.10
[0m21:17:51.719753 [debug] [MainThread]: running dbt with arguments {'static_parser': 'True', 'no_print': 'None', 'version_check': 'True', 'target_path': 'None', 'warn_error_options': 'WarnErrorOptionsV2(error=[], warn=[], silence=[])', 'printer_width': '80', 'write_json': 'True', 'empty': 'None', 'log_cache_events': 'False', 'introspect': 'True', 'cache_selected_only': 'False', 'fail_fast': 'False', 'debug': 'False', 'log_format': 'default', 'profiles_dir': 'C:\\Users\\ASUS\\.dbt', 'send_anonymous_usage_stats': 'True', 'quiet': 'False', 'warn_error': 'None', 'partial_parse': 'True', 'invocation_command': 'dbt init dbt_caso3', 'indirect_selection': 'eager', 'use_colors': 'True', 'use_experimental_parser': 'False', 'log_path': 'logs'}
[0m21:17:51.736068 [debug] [MainThread]: Starter project path: C:\Users\ASUS\Desktop\RIWI\ruta-avanzada\m5\m5-analitica\clusters\alzheimer\dags-alzheimer\.venv\Lib\site-packages\dbt\include\starter_project
[0m21:17:51.777074 [info ] [MainThread]: 
Your new dbt project "dbt_caso3" was created!

For more information on how to configure the profiles.yml file,
please consult the dbt documentation here:

  https://docs.getdbt.com/docs/configure-your-profile

One more thing:

Need help? Don't hesitate to reach out to us via GitHub issues or on Slack:

  https://community.getdbt.com/

Happy modeling!

[0m21:17:51.778089 [info ] [MainThread]: Setting up your profile.
